Archive member included to satisfy reference by file (symbol)

/opt/st/stm32cubeide_1.14.0/plugins/com.st.stm32cube.ide.mcu.externaltools.gnu-tools-for-stm32.11.3.rel1.linux64_1.1.100.202309141235/tools/bin/../lib/gcc/arm-none-eabi/11.3.1/../../../../arm-none-eabi/lib/thumb/v6-m/nofp/libc_nano.a(libc_a-exit.o)
                              /opt/st/stm32cubeide_1.14.0/plugins/com.st.stm32cube.ide.mcu.externaltools.gnu-tools-for-stm32.11.3.rel1.linux64_1.1.100.202309141235/tools/bin/../lib/gcc/arm-none-eabi/11.3.1/../../../../arm-none-eabi/lib/thumb/v6-m/nofp/crt0.o (exit)
/opt/st/stm32cubeide_1.14.0/plugins/com.st.stm32cube.ide.mcu.externaltools.gnu-tools-for-stm32.11.3.rel1.linux64_1.1.100.202309141235/tools/bin/../lib/gcc/arm-none-eabi/11.3.1/../../../../arm-none-eabi/lib/thumb/v6-m/nofp/libc_nano.a(libc_a-findfp.o)
                              /opt/st/stm32cubeide_1.14.0/plugins/com.st.stm32cube.ide.mcu.externaltools.gnu-tools-for-stm32.11.3.rel1.linux64_1.1.100.202309141235/tools/bin/../lib/gcc/arm-none-eabi/11.3.1/../../../../arm-none-eabi/lib/thumb/v6-m/nofp/libc_nano.a(libc_a-exit.o) (__stdio_exit_handler)
/opt/st/stm32cubeide_1.14.0/plugins/com.st.stm32cube.ide.mcu.externaltools.gnu-tools-for-stm32.11.3.rel1.linux64_1.1.100.202309141235/tools/bin/../lib/gcc/arm-none-eabi/11.3.1/../../../../arm-none-eabi/lib/thumb/v6-m/nofp/libc_nano.a(libc_a-fwalk.o)
                              /opt/st/stm32cubeide_1.14.0/plugins/com.st.stm32cube.ide.mcu.externaltools.gnu-tools-for-stm32.11.3.rel1.linux64_1.1.100.202309141235/tools/bin/../lib/gcc/arm-none-eabi/11.3.1/../../../../arm-none-eabi/lib/thumb/v6-m/nofp/libc_nano.a(libc_a-findfp.o) (_fwalk_sglue)
/opt/st/stm32cubeide_1.14.0/plugins/com.st.stm32cube.ide.mcu.externaltools.gnu-tools-for-stm32.11.3.rel1.linux64_1.1.100.202309141235/tools/bin/../lib/gcc/arm-none-eabi/11.3.1/../../../../arm-none-eabi/lib/thumb/v6-m/nofp/libc_nano.a(libc_a-stdio.o)
                              /opt/st/stm32cubeide_1.14.0/plugins/com.st.stm32cube.ide.mcu.externaltools.gnu-tools-for-stm32.11.3.rel1.linux64_1.1.100.202309141235/tools/bin/../lib/gcc/arm-none-eabi/11.3.1/../../../../arm-none-eabi/lib/thumb/v6-m/nofp/libc_nano.a(libc_a-findfp.o) (__sread)
/opt/st/stm32cubeide_1.14.0/plugins/com.st.stm32cube.ide.mcu.externaltools.gnu-tools-for-stm32.11.3.rel1.linux64_1.1.100.202309141235/tools/bin/../lib/gcc/arm-none-eabi/11.3.1/../../../../arm-none-eabi/lib/thumb/v6-m/nofp/libc_nano.a(libc_a-memset.o)
                              /opt/st/stm32cubeide_1.14.0/plugins/com.st.stm32cube.ide.mcu.externaltools.gnu-tools-for-stm32.11.3.rel1.linux64_1.1.100.202309141235/tools/bin/../lib/gcc/arm-none-eabi/11.3.1/../../../../arm-none-eabi/lib/thumb/v6-m/nofp/crt0.o (memset)
/opt/st/stm32cubeide_1.14.0/plugins/com.st.stm32cube.ide.mcu.externaltools.gnu-tools-for-stm32.11.3.rel1.linux64_1.1.100.202309141235/tools/bin/../lib/gcc/arm-none-eabi/11.3.1/../../../../arm-none-eabi/lib/thumb/v6-m/nofp/libc_nano.a(libc_a-closer.o)
                              /opt/st/stm32cubeide_1.14.0/plugins/com.st.stm32cube.ide.mcu.externaltools.gnu-tools-for-stm32.11.3.rel1.linux64_1.1.100.202309141235/tools/bin/../lib/gcc/arm-none-eabi/11.3.1/../../../../arm-none-eabi/lib/thumb/v6-m/nofp/libc_nano.a(libc_a-stdio.o) (_close_r)
/opt/st/stm32cubeide_1.14.0/plugins/com.st.stm32cube.ide.mcu.externaltools.gnu-tools-for-stm32.11.3.rel1.linux64_1.1.100.202309141235/tools/bin/../lib/gcc/arm-none-eabi/11.3.1/../../../../arm-none-eabi/lib/thumb/v6-m/nofp/libc_nano.a(libc_a-reent.o)
                              /opt/st/stm32cubeide_1.14.0/plugins/com.st.stm32cube.ide.mcu.externaltools.gnu-tools-for-stm32.11.3.rel1.linux64_1.1.100.202309141235/tools/bin/../lib/gcc/arm-none-eabi/11.3.1/../../../../arm-none-eabi/lib/thumb/v6-m/nofp/libc_nano.a(libc_a-closer.o) (errno)
/opt/st/stm32cubeide_1.14.0/plugins/com.st.stm32cube.ide.mcu.externaltools.gnu-tools-for-stm32.11.3.rel1.linux64_1.1.100.202309141235/tools/bin/../lib/gcc/arm-none-eabi/11.3.1/../../../../arm-none-eabi/lib/thumb/v6-m/nofp/libc_nano.a(libc_a-impure.o)
                              /opt/st/stm32cubeide_1.14.0/plugins/com.st.stm32cube.ide.mcu.externaltools.gnu-tools-for-stm32.11.3.rel1.linux64_1.1.100.202309141235/tools/bin/../lib/gcc/arm-none-eabi/11.3.1/../../../../arm-none-eabi/lib/thumb/v6-m/nofp/libc_nano.a(libc_a-reent.o) (_impure_ptr)
/opt/st/stm32cubeide_1.14.0/plugins/com.st.stm32cube.ide.mcu.externaltools.gnu-tools-for-stm32.11.3.rel1.linux64_1.1.100.202309141235/tools/bin/../lib/gcc/arm-none-eabi/11.3.1/../../../../arm-none-eabi/lib/thumb/v6-m/nofp/libc_nano.a(libc_a-lseekr.o)
                              /opt/st/stm32cubeide_1.14.0/plugins/com.st.stm32cube.ide.mcu.externaltools.gnu-tools-for-stm32.11.3.rel1.linux64_1.1.100.202309141235/tools/bin/../lib/gcc/arm-none-eabi/11.3.1/../../../../arm-none-eabi/lib/thumb/v6-m/nofp/libc_nano.a(libc_a-stdio.o) (_lseek_r)
[...]
Memory Configuration

Name             Origin             Length             Attributes
RAM              0x0000000020000000 0x0000000000009000 xrw
FLASH            0x0000000008000000 0x0000000000020000 xr
*default*        0x0000000000000000 0xffffffffffffffff

Linker script and memory map

LOAD /opt/st/stm32cubeide_1.14.0/plugins/com.st.stm32cube.ide.mcu.externaltools.gnu-tools-for-stm32.11.3.rel1.linux64_1.1.100.202309141235/tools/bin/../lib/gcc/arm-none-eabi/11.3.1/thumb/v6-m/nofp/crti.o
LOAD /opt/st/stm32cubeide_1.14.0/plugins/com.st.stm32cube.ide.mcu.externaltools.gnu-tools-for-stm32.11.3.rel1.linux64_1.1.100.202309141235/tools/bin/../lib/gcc/arm-none-eabi/11.3.1/thumb/v6-m/nofp/crtbegin.o
LOAD /opt/st/stm32cubeide_1.14.0/plugins/com.st.stm32cube.ide.mcu.externaltools.gnu-tools-for-stm32.11.3.rel1.linux64_1.1.100.202309141235/tools/bin/../lib/gcc/arm-none-eabi/11.3.1/../../../../arm-none-eabi/lib/thumb/v6-m/nofp/crt0.o
LOAD ./Core/Src/main.o
LOAD ./Core/Src/stm32g0xx_hal_msp.o
LOAD ./Core/Src/stm32g0xx_it.o
LOAD ./Core/Src/syscalls.o
LOAD ./Core/Src/sysmem.o
LOAD ./Core/Src/system_stm32g0xx.o
LOAD ./Core/Startup/startup_stm32g070rbtx.o
LOAD ./Drivers/STM32G0xx_HAL_Driver/Src/stm32g0xx_hal.o
LOAD ./Drivers/STM32G0xx_HAL_Driver/Src/stm32g0xx_hal_cortex.o
LOAD ./Drivers/STM32G0xx_HAL_Driver/Src/stm32g0xx_hal_dma.o
LOAD ./Drivers/STM32G0xx_HAL_Driver/Src/stm32g0xx_hal_dma_ex.o
LOAD ./Drivers/STM32G0xx_HAL_Driver/Src/stm32g0xx_hal_exti.o
LOAD ./Drivers/STM32G0xx_HAL_Driver/Src/stm32g0xx_hal_flash.o
LOAD ./Drivers/STM32G0xx_HAL_Driver/Src/stm32g0xx_hal_flash_ex.o
LOAD ./Drivers/STM32G0xx_HAL_Driver/Src/stm32g0xx_hal_gpio.o
LOAD ./Drivers/STM32G0xx_HAL_Driver/Src/stm32g0xx_hal_pwr.o
LOAD ./Drivers/STM32G0xx_HAL_Driver/Src/stm32g0xx_hal_pwr_ex.o
LOAD ./Drivers/STM32G0xx_HAL_Driver/Src/stm32g0xx_hal_rcc.o
LOAD ./Drivers/STM32G0xx_HAL_Driver/Src/stm32g0xx_hal_rcc_ex.o
LOAD ./Drivers/STM32G0xx_HAL_Driver/Src/stm32g0xx_hal_tim.o
LOAD ./Drivers/STM32G0xx_HAL_Driver/Src/stm32g0xx_hal_tim_ex.o
LOAD ./Drivers/STM32G0xx_HAL_Driver/Src/stm32g0xx_ll_dma.o
LOAD ./Drivers/STM32G0xx_HAL_Driver/Src/stm32g0xx_ll_rcc.o
START GROUP
LOAD /opt/st/stm32cubeide_1.14.0/plugins/com.st.stm32cube.ide.mcu.externaltools.gnu-tools-for-stm32.11.3.rel1.linux64_1.1.100.202309141235/tools/bin/../lib/gcc/arm-none-eabi/11.3.1/../../../../arm-none-eabi/lib/thumb/v6-m/nofp/libc_nano.a
LOAD /opt/st/stm32cubeide_1.14.0/plugins/com.st.stm32cube.ide.mcu.externaltools.gnu-tools-for-stm32.11.3.rel1.linux64_1.1.100.202309141235/tools/bin/../lib/gcc/arm-none-eabi/11.3.1/../../../../arm-none-eabi/lib/thumb/v6-m/nofp/libm.a
END GROUP
START GROUP
LOAD /opt/st/stm32cubeide_1.14.0/plugins/com.st.stm32cube.ide.mcu.externaltools.gnu-tools-for-stm32.11.3.rel1.linux64_1.1.100.202309141235/tools/bin/../lib/gcc/arm-none-eabi/11.3.1/thumb/v6-m/nofp/libgcc.a
LOAD /opt/st/stm32cubeide_1.14.0/plugins/com.st.stm32cube.ide.mcu.externaltools.gnu-tools-for-stm32.11.3.rel1.linux64_1.1.100.202309141235/tools/bin/../lib/gcc/arm-none-eabi/11.3.1/../../../../arm-none-eabi/lib/thumb/v6-m/nofp/libc_nano.a
END GROUP
START GROUP
LOAD /opt/st/stm32cubeide_1.14.0/plugins/com.st.stm32cube.ide.mcu.externaltools.gnu-tools-for-stm32.11.3.rel1.linux64_1.1.100.202309141235/tools/bin/../lib/gcc/arm-none-eabi/11.3.1/thumb/v6-m/nofp/libgcc.a
LOAD /opt/st/stm32cubeide_1.14.0/plugins/com.st.stm32cube.ide.mcu.externaltools.gnu-tools-for-stm32.11.3.rel1.linux64_1.1.100.202309141235/tools/bin/../lib/gcc/arm-none-eabi/11.3.1/../../../../arm-none-eabi/lib/thumb/v6-m/nofp/libc_nano.a
LOAD /opt/st/stm32cubeide_1.14.0/plugins/com.st.stm32cube.ide.mcu.externaltools.gnu-tools-for-stm32.11.3.rel1.linux64_1.1.100.202309141235/tools/bin/../lib/gcc/arm-none-eabi/11.3.1/../../../../arm-none-eabi/lib/thumb/v6-m/nofp/libnosys.a
END GROUP
START GROUP
LOAD /opt/st/stm32cubeide_1.14.0/plugins/com.st.stm32cube.ide.mcu.externaltools.gnu-tools-for-stm32.11.3.rel1.linux64_1.1.100.202309141235/tools/bin/../lib/gcc/arm-none-eabi/11.3.1/thumb/v6-m/nofp/libgcc.a
LOAD /opt/st/stm32cubeide_1.14.0/plugins/com.st.stm32cube.ide.mcu.externaltools.gnu-tools-for-stm32.11.3.rel1.linux64_1.1.100.202309141235/tools/bin/../lib/gcc/arm-none-eabi/11.3.1/../../../../arm-none-eabi/lib/thumb/v6-m/nofp/libc_nano.a
LOAD /opt/st/stm32cubeide_1.14.0/plugins/com.st.stm32cube.ide.mcu.externaltools.gnu-tools-for-stm32.11.3.rel1.linux64_1.1.100.202309141235/tools/bin/../lib/gcc/arm-none-eabi/11.3.1/../../../../arm-none-eabi/lib/thumb/v6-m/nofp/libnosys.a
END GROUP
LOAD /opt/st/stm32cubeide_1.14.0/plugins/com.st.stm32cube.ide.mcu.externaltools.gnu-tools-for-stm32.11.3.rel1.linux64_1.1.100.202309141235/tools/bin/../lib/gcc/arm-none-eabi/11.3.1/thumb/v6-m/nofp/crtend.o
LOAD /opt/st/stm32cubeide_1.14.0/plugins/com.st.stm32cube.ide.mcu.externaltools.gnu-tools-for-stm32.11.3.rel1.linux64_1.1.100.202309141235/tools/bin/../lib/gcc/arm-none-eabi/11.3.1/thumb/v6-m/nofp/crtn.o
                0x0000000020009000                _estack = (ORIGIN (RAM) + LENGTH (RAM))
                0x0000000000000200                _Min_Heap_Size = 0x200
                0x0000000000000400                _Min_Stack_Size = 0x400

.isr_vector     0x0000000008000000       0xb8
                0x0000000008000000                . = ALIGN (0x4)
 *(.isr_vector)
 .isr_vector    0x0000000008000000       0xb8 ./Core/Startup/startup_stm32g070rbtx.o
                0x0000000008000000                g_pfnVectors
                0x00000000080000b8                . = ALIGN (0x4)

.text           0x00000000080000b8     0x2608
                0x00000000080000b8                . = ALIGN (0x4)
 *(.text)
 .text          0x00000000080000b8       0x48 /opt/st/stm32cubeide_1.14.0/plugins/com.st.stm32cube.ide.mcu.externaltools.gnu-tools-for-stm32.11.3.rel1.linux64_1.1.100.202309141235/tools/bin/../lib/gcc/arm-none-eabi/11.3.1/thumb/v6-m/nofp/crtbegin.o
 .text          0x0000000008000100      0x114 /opt/st/stm32cubeide_1.14.0/plugins/com.st.stm32cube.ide.mcu.externaltools.gnu-tools-for-stm32.11.3.rel1.linux64_1.1.100.202309141235/tools/bin/../lib/gcc/arm-none-eabi/11.3.1/thumb/v6-m/nofp/libgcc.a(_udivsi3.o)
                0x0000000008000100                __udivsi3
                0x0000000008000100                __aeabi_uidiv
                0x000000000800020c                __aeabi_uidivmod
 .text          0x0000000008000214        0x4 /opt/st/stm32cubeide_1.14.0/plugins/com.st.stm32cube.ide.mcu.externaltools.gnu-tools-for-stm32.11.3.rel1.linux64_1.1.100.202309141235/tools/bin/../lib/gcc/arm-none-eabi/11.3.1/thumb/v6-m/nofp/libgcc.a(_dvmd_tls.o)
                0x0000000008000214                __aeabi_ldiv0
                0x0000000008000214                __aeabi_idiv0
 *(.text*)
 .text.main     0x0000000008000218       0x24 ./Core/Src/main.o
                0x0000000008000218                main
 .text.SystemClock_Config
                0x000000000800023c       0x90 ./Core/Src/main.o
                0x000000000800023c                SystemClock_Config
 .text.MX_TIM1_Init
                0x00000000080002cc      0x19c ./Core/Src/main.o
 .text.MX_GPIO_Init
                0x0000000008000468       0x2c ./Core/Src/main.o
 .text.Error_Handler
                0x0000000008000494        0xa ./Core/Src/main.o
                0x0000000008000494                Error_Handler
 *fill*         0x000000000800049e        0x2 
 .text.HAL_MspInit
                0x00000000080004a0       0x50 ./Core/Src/stm32g0xx_hal_msp.o
                0x00000000080004a0                HAL_MspInit
 .text.HAL_TIM_Base_MspInit
                0x00000000080004f0       0x40 ./Core/Src/stm32g0xx_hal_msp.o
                0x00000000080004f0                HAL_TIM_Base_MspInit
 .text.HAL_TIM_MspPostInit
                0x0000000008000530       0x7c ./Core/Src/stm32g0xx_hal_msp.o
                0x0000000008000530                HAL_TIM_MspPostInit
 .text.NMI_Handler
                0x00000000080005ac        0x6 ./Core/Src/stm32g0xx_it.o
                0x00000000080005ac                NMI_Handler
 .text.HardFault_Handler
                0x00000000080005b2        0x6 ./Core/Src/stm32g0xx_it.o
                0x00000000080005b2                HardFault_Handler
 .text.SVC_Handler
                0x00000000080005b8        0xa ./Core/Src/stm32g0xx_it.o
                0x00000000080005b8                SVC_Handler
 .text.PendSV_Handler
                0x00000000080005c2        0xa ./Core/Src/stm32g0xx_it.o
                0x00000000080005c2                PendSV_Handler
 .text.SysTick_Handler
                0x00000000080005cc        0xe ./Core/Src/stm32g0xx_it.o
                0x00000000080005cc                SysTick_Handler
 .text.SystemInit
                0x00000000080005da        0xa ./Core/Src/system_stm32g0xx.o
                0x00000000080005da                SystemInit
 .text.Reset_Handler
                0x00000000080005e4       0x50 ./Core/Startup/startup_stm32g070rbtx.o
                0x00000000080005e4                Reset_Handler
 .text.Default_Handler
                0x0000000008000634        0x2 ./Core/Startup/startup_stm32g070rbtx.o
                0x0000000008000634                TIM1_CC_IRQHandler
                0x0000000008000634                TIM6_IRQHandler
                0x0000000008000634                I2C1_IRQHandler
                0x0000000008000634                RTC_TAMP_IRQHandler
                0x0000000008000634                SPI1_IRQHandler
                0x0000000008000634                USART3_4_IRQHandler
                0x0000000008000634                EXTI2_3_IRQHandler
                0x0000000008000634                ADC1_IRQHandler
                0x0000000008000634                I2C2_IRQHandler
                0x0000000008000634                TIM17_IRQHandler
                0x0000000008000634                TIM16_IRQHandler
                0x0000000008000634                TIM3_IRQHandler
                0x0000000008000634                EXTI4_15_IRQHandler
                0x0000000008000634                RCC_IRQHandler
                0x0000000008000634                DMA1_Channel1_IRQHandler
                0x0000000008000634                Default_Handler
                0x0000000008000634                TIM14_IRQHandler
                0x0000000008000634                TIM7_IRQHandler
                0x0000000008000634                TIM15_IRQHandler
                0x0000000008000634                EXTI0_1_IRQHandler
                0x0000000008000634                SPI2_IRQHandler
                0x0000000008000634                WWDG_IRQHandler
                0x0000000008000634                DMA1_Ch4_7_DMAMUX1_OVR_IRQHandler
                0x0000000008000634                DMA1_Channel2_3_IRQHandler
                0x0000000008000634                USART2_IRQHandler
                0x0000000008000634                FLASH_IRQHandler
                0x0000000008000634                USART1_IRQHandler
                0x0000000008000634                TIM1_BRK_UP_TRG_COM_IRQHandler
 *fill*         0x0000000008000636        0x2 
 .text.HAL_Init
                0x0000000008000638       0x40 ./Drivers/STM32G0xx_HAL_Driver/Src/stm32g0xx_hal.o
                0x0000000008000638                HAL_Init
 .text.HAL_InitTick
                0x0000000008000678       0x94 ./Drivers/STM32G0xx_HAL_Driver/Src/stm32g0xx_hal.o
                0x0000000008000678                HAL_InitTick
 .text.HAL_IncTick
                0x000000000800070c       0x24 ./Drivers/STM32G0xx_HAL_Driver/Src/stm32g0xx_hal.o
                0x000000000800070c                HAL_IncTick
 .text.HAL_GetTick
                0x0000000008000730       0x14 ./Drivers/STM32G0xx_HAL_Driver/Src/stm32g0xx_hal.o
                0x0000000008000730                HAL_GetTick
 .text.HAL_SYSCFG_StrobeDBattpinsConfig
                0x0000000008000744       0x2c ./Drivers/STM32G0xx_HAL_Driver/Src/stm32g0xx_hal.o
                0x0000000008000744                HAL_SYSCFG_StrobeDBattpinsConfig
 .text.__NVIC_SetPriority
                0x0000000008000770       0xdc ./Drivers/STM32G0xx_HAL_Driver/Src/stm32g0xx_hal_cortex.o
 .text.SysTick_Config
                0x000000000800084c       0x48 ./Drivers/STM32G0xx_HAL_Driver/Src/stm32g0xx_hal_cortex.o
 .text.HAL_NVIC_SetPriority
                0x0000000008000894       0x2a ./Drivers/STM32G0xx_HAL_Driver/Src/stm32g0xx_hal_cortex.o
                0x0000000008000894                HAL_NVIC_SetPriority
 .text.HAL_SYSTICK_Config
                0x00000000080008be       0x1a ./Drivers/STM32G0xx_HAL_Driver/Src/stm32g0xx_hal_cortex.o
                0x00000000080008be                HAL_SYSTICK_Config
 .text.HAL_GPIO_Init
                0x00000000080008d8      0x2c8 ./Drivers/STM32G0xx_HAL_Driver/Src/stm32g0xx_hal_gpio.o
                0x00000000080008d8                HAL_GPIO_Init
 .text.HAL_PWREx_ControlVoltageScaling
                0x0000000008000ba0       0x80 ./Drivers/STM32G0xx_HAL_Driver/Src/stm32g0xx_hal_pwr_ex.o
                0x0000000008000ba0                HAL_PWREx_ControlVoltageScaling
 .text.HAL_RCC_OscConfig
                0x0000000008000c20      0x620 ./Drivers/STM32G0xx_HAL_Driver/Src/stm32g0xx_hal_rcc.o
                0x0000000008000c20                HAL_RCC_OscConfig
 .text.HAL_RCC_ClockConfig
                0x0000000008001240      0x210 ./Drivers/STM32G0xx_HAL_Driver/Src/stm32g0xx_hal_rcc.o
                0x0000000008001240                HAL_RCC_ClockConfig
 .text.HAL_RCC_GetSysClockFreq
                0x0000000008001450      0x104 ./Drivers/STM32G0xx_HAL_Driver/Src/stm32g0xx_hal_rcc.o
                0x0000000008001450                HAL_RCC_GetSysClockFreq
 .text.HAL_TIM_Base_Init
                0x0000000008001554       0xb0 ./Drivers/STM32G0xx_HAL_Driver/Src/stm32g0xx_hal_tim.o
                0x0000000008001554                HAL_TIM_Base_Init
 .text.HAL_TIM_PWM_Init
                0x0000000008001604       0xb0 ./Drivers/STM32G0xx_HAL_Driver/Src/stm32g0xx_hal_tim.o
                0x0000000008001604                HAL_TIM_PWM_Init
 .text.HAL_TIM_PWM_MspInit
                0x00000000080016b4       0x10 ./Drivers/STM32G0xx_HAL_Driver/Src/stm32g0xx_hal_tim.o
                0x00000000080016b4                HAL_TIM_PWM_MspInit
 .text.HAL_TIM_PWM_Start
                0x00000000080016c4      0x1c8 ./Drivers/STM32G0xx_HAL_Driver/Src/stm32g0xx_hal_tim.o
                0x00000000080016c4                HAL_TIM_PWM_Start
 .text.HAL_TIM_PWM_ConfigChannel
                0x000000000800188c      0x200 ./Drivers/STM32G0xx_HAL_Driver/Src/stm32g0xx_hal_tim.o
                0x000000000800188c                HAL_TIM_PWM_ConfigChannel
 .text.HAL_TIM_ConfigClockSource
                0x0000000008001a8c      0x1ac ./Drivers/STM32G0xx_HAL_Driver/Src/stm32g0xx_hal_tim.o
                0x0000000008001a8c                HAL_TIM_ConfigClockSource
 .text.TIM_Base_SetConfig
                0x0000000008001c38      0x108 ./Drivers/STM32G0xx_HAL_Driver/Src/stm32g0xx_hal_tim.o
                0x0000000008001c38                TIM_Base_SetConfig
 .text.TIM_OC1_SetConfig
                0x0000000008001d40      0x114 ./Drivers/STM32G0xx_HAL_Driver/Src/stm32g0xx_hal_tim.o
 .text.TIM_OC2_SetConfig
                0x0000000008001e54      0x108 ./Drivers/STM32G0xx_HAL_Driver/Src/stm32g0xx_hal_tim.o
                0x0000000008001e54                TIM_OC2_SetConfig
 .text.TIM_OC3_SetConfig
                0x0000000008001f5c      0x110 ./Drivers/STM32G0xx_HAL_Driver/Src/stm32g0xx_hal_tim.o
 .text.TIM_OC4_SetConfig
                0x000000000800206c       0xd4 ./Drivers/STM32G0xx_HAL_Driver/Src/stm32g0xx_hal_tim.o
 .text.TIM_OC5_SetConfig
                0x0000000008002140       0xc0 ./Drivers/STM32G0xx_HAL_Driver/Src/stm32g0xx_hal_tim.o
 .text.TIM_OC6_SetConfig
                0x0000000008002200       0xc8 ./Drivers/STM32G0xx_HAL_Driver/Src/stm32g0xx_hal_tim.o
 .text.TIM_TI1_ConfigInputStage
                0x00000000080022c8       0x5c ./Drivers/STM32G0xx_HAL_Driver/Src/stm32g0xx_hal_tim.o
 .text.TIM_TI2_ConfigInputStage
                0x0000000008002324       0x64 ./Drivers/STM32G0xx_HAL_Driver/Src/stm32g0xx_hal_tim.o
 .text.TIM_ITRx_SetConfig
                0x0000000008002388       0x38 ./Drivers/STM32G0xx_HAL_Driver/Src/stm32g0xx_hal_tim.o
 .text.TIM_ETR_SetConfig
                0x00000000080023c0       0x40 ./Drivers/STM32G0xx_HAL_Driver/Src/stm32g0xx_hal_tim.o
                0x00000000080023c0                TIM_ETR_SetConfig
 .text.TIM_CCxChannelCmd
                0x0000000008002400       0x46 ./Drivers/STM32G0xx_HAL_Driver/Src/stm32g0xx_hal_tim.o
                0x0000000008002400                TIM_CCxChannelCmd
 *fill*         0x0000000008002446        0x2 
 .text.HAL_TIMEx_MasterConfigSynchronization
                0x0000000008002448       0xd0 ./Drivers/STM32G0xx_HAL_Driver/Src/stm32g0xx_hal_tim_ex.o
                0x0000000008002448                HAL_TIMEx_MasterConfigSynchronization
 .text.HAL_TIMEx_ConfigBreakDeadTime
                0x0000000008002518      0x138 ./Drivers/STM32G0xx_HAL_Driver/Src/stm32g0xx_hal_tim_ex.o
                0x0000000008002518                HAL_TIMEx_ConfigBreakDeadTime
 .text.memset   0x0000000008002650       0x10 /opt/st/stm32cubeide_1.14.0/plugins/com.st.stm32cube.ide.mcu.externaltools.gnu-tools-for-stm32.11.3.rel1.linux64_1.1.100.202309141235/tools/bin/../lib/gcc/arm-none-eabi/11.3.1/../../../../arm-none-eabi/lib/thumb/v6-m/nofp/libc_nano.a(libc_a-memset.o)
                0x0000000008002650                memset
 .text.__libc_init_array
                0x0000000008002660       0x48 /opt/st/stm32cubeide_1.14.0/plugins/com.st.stm32cube.ide.mcu.externaltools.gnu-tools-for-stm32.11.3.rel1.linux64_1.1.100.202309141235/tools/bin/../lib/gcc/arm-none-eabi/11.3.1/../../../../arm-none-eabi/lib/thumb/v6-m/nofp/libc_nano.a(libc_a-init.o)
                0x0000000008002660                __libc_init_array
 *(.glue_7)
 .glue_7        0x00000000080026a8        0x0 linker stubs
 *(.glue_7t)
 .glue_7t       0x00000000080026a8        0x0 linker stubs
 *(.eh_frame)
 .eh_frame      0x00000000080026a8        0x0 /opt/st/stm32cubeide_1.14.0/plugins/com.st.stm32cube.ide.mcu.externaltools.gnu-tools-for-stm32.11.3.rel1.linux64_1.1.100.202309141235/tools/bin/../lib/gcc/arm-none-eabi/11.3.1/thumb/v6-m/nofp/crtbegin.o
 *(.init)
 .init          0x00000000080026a8        0x4 /opt/st/stm32cubeide_1.14.0/plugins/com.st.stm32cube.ide.mcu.externaltools.gnu-tools-for-stm32.11.3.rel1.linux64_1.1.100.202309141235/tools/bin/../lib/gcc/arm-none-eabi/11.3.1/thumb/v6-m/nofp/crti.o
                0x00000000080026a8                _init
 .init          0x00000000080026ac        0x8 /opt/st/stm32cubeide_1.14.0/plugins/com.st.stm32cube.ide.mcu.externaltools.gnu-tools-for-stm32.11.3.rel1.linux64_1.1.100.202309141235/tools/bin/../lib/gcc/arm-none-eabi/11.3.1/thumb/v6-m/nofp/crtn.o
 *(.fini)
 .fini          0x00000000080026b4        0x4 /opt/st/stm32cubeide_1.14.0/plugins/com.st.stm32cube.ide.mcu.externaltools.gnu-tools-for-stm32.11.3.rel1.linux64_1.1.100.202309141235/tools/bin/../lib/gcc/arm-none-eabi/11.3.1/thumb/v6-m/nofp/crti.o
                0x00000000080026b4                _fini
 .fini          0x00000000080026b8        0x8 /opt/st/stm32cubeide_1.14.0/plugins/com.st.stm32cube.ide.mcu.externaltools.gnu-tools-for-stm32.11.3.rel1.linux64_1.1.100.202309141235/tools/bin/../lib/gcc/arm-none-eabi/11.3.1/thumb/v6-m/nofp/crtn.o
                0x00000000080026c0                . = ALIGN (0x4)
                0x00000000080026c0                _etext = .

.vfp11_veneer   0x00000000080026c0        0x0
 .vfp11_veneer  0x00000000080026c0        0x0 linker stubs

.v4_bx          0x00000000080026c0        0x0
 .v4_bx         0x00000000080026c0        0x0 linker stubs

.iplt           0x00000000080026c0        0x0
 .iplt          0x00000000080026c0        0x0 /opt/st/stm32cubeide_1.14.0/plugins/com.st.stm32cube.ide.mcu.externaltools.gnu-tools-for-stm32.11.3.rel1.linux64_1.1.100.202309141235/tools/bin/../lib/gcc/arm-none-eabi/11.3.1/thumb/v6-m/nofp/crtbegin.o

.rodata         0x00000000080026c0       0x94
                0x00000000080026c0                . = ALIGN (0x4)
 *(.rodata)
 *(.rodata*)
 .rodata.AHBPrescTable
                0x00000000080026c0       0x40 ./Core/Src/system_stm32g0xx.o
                0x00000000080026c0                AHBPrescTable
 .rodata.HAL_TIM_PWM_ConfigChannel
                0x0000000008002700       0x54 ./Drivers/STM32G0xx_HAL_Driver/Src/stm32g0xx_hal_tim.o
                0x0000000008002754                . = ALIGN (0x4)

.rel.dyn        0x0000000008002754        0x0
 .rel.iplt      0x0000000008002754        0x0 /opt/st/stm32cubeide_1.14.0/plugins/com.st.stm32cube.ide.mcu.externaltools.gnu-tools-for-stm32.11.3.rel1.linux64_1.1.100.202309141235/tools/bin/../lib/gcc/arm-none-eabi/11.3.1/thumb/v6-m/nofp/crtbegin.o

.ARM.extab      0x0000000008002754        0x0
                0x0000000008002754                . = ALIGN (0x4)
 *(.ARM.extab* .gnu.linkonce.armextab.*)
                0x0000000008002754                . = ALIGN (0x4)

.ARM            0x0000000008002754        0x0
                0x0000000008002754                . = ALIGN (0x4)
                0x0000000008002754                __exidx_start = .
 *(.ARM.exidx*)
                0x0000000008002754                __exidx_end = .
                0x0000000008002754                . = ALIGN (0x4)

.preinit_array  0x0000000008002754        0x0
                0x0000000008002754                . = ALIGN (0x4)
                0x0000000008002754                PROVIDE (__preinit_array_start = .)
 *(.preinit_array*)
                0x0000000008002754                PROVIDE (__preinit_array_end = .)
                0x0000000008002754                . = ALIGN (0x4)

.init_array     0x0000000008002754        0x4
                0x0000000008002754                . = ALIGN (0x4)
                0x0000000008002754                PROVIDE (__init_array_start = .)
 *(SORT_BY_NAME(.init_array.*))
 *(.init_array*)
 .init_array    0x0000000008002754        0x4 /opt/st/stm32cubeide_1.14.0/plugins/com.st.stm32cube.ide.mcu.externaltools.gnu-tools-for-stm32.11.3.rel1.linux64_1.1.100.202309141235/tools/bin/../lib/gcc/arm-none-eabi/11.3.1/thumb/v6-m/nofp/crtbegin.o
                0x0000000008002758                PROVIDE (__init_array_end = .)
                0x0000000008002758                . = ALIGN (0x4)

.fini_array     0x0000000008002758        0x4
                0x0000000008002758                . = ALIGN (0x4)
                [!provide]                        PROVIDE (__fini_array_start = .)
 *(SORT_BY_NAME(.fini_array.*))
 *(.fini_array*)
 .fini_array    0x0000000008002758        0x4 /opt/st/stm32cubeide_1.14.0/plugins/com.st.stm32cube.ide.mcu.externaltools.gnu-tools-for-stm32.11.3.rel1.linux64_1.1.100.202309141235/tools/bin/../lib/gcc/arm-none-eabi/11.3.1/thumb/v6-m/nofp/crtbegin.o
                [!provide]                        PROVIDE (__fini_array_end = .)
                0x000000000800275c                . = ALIGN (0x4)
                0x000000000800275c                _sidata = LOADADDR (.data)

.data           0x0000000020000000        0xc load address 0x000000000800275c
                0x0000000020000000                . = ALIGN (0x4)
                0x0000000020000000                _sdata = .
 *(.data)
 *(.data*)
 .data.SystemCoreClock
                0x0000000020000000        0x4 ./Core/Src/system_stm32g0xx.o
                0x0000000020000000                SystemCoreClock
 .data.uwTickPrio
                0x0000000020000004        0x4 ./Drivers/STM32G0xx_HAL_Driver/Src/stm32g0xx_hal.o
                0x0000000020000004                uwTickPrio
 .data.uwTickFreq
                0x0000000020000008        0x1 ./Drivers/STM32G0xx_HAL_Driver/Src/stm32g0xx_hal.o
                0x0000000020000008                uwTickFreq
 *(.RamFunc)
 *(.RamFunc*)
                0x000000002000000c                . = ALIGN (0x4)
 *fill*         0x0000000020000009        0x3 
                0x000000002000000c                _edata = .

.igot.plt       0x000000002000000c        0x0 load address 0x0000000008002768
 .igot.plt      0x000000002000000c        0x0 /opt/st/stm32cubeide_1.14.0/plugins/com.st.stm32cube.ide.mcu.externaltools.gnu-tools-for-stm32.11.3.rel1.linux64_1.1.100.202309141235/tools/bin/../lib/gcc/arm-none-eabi/11.3.1/thumb/v6-m/nofp/crtbegin.o
                0x000000002000000c                . = ALIGN (0x4)

.bss            0x000000002000000c       0x6c load address 0x0000000008002768
                0x000000002000000c                _sbss = .
                0x000000002000000c                __bss_start__ = _sbss
 *(.bss)
 .bss           0x000000002000000c       0x1c /opt/st/stm32cubeide_1.14.0/plugins/com.st.stm32cube.ide.mcu.externaltools.gnu-tools-for-stm32.11.3.rel1.linux64_1.1.100.202309141235/tools/bin/../lib/gcc/arm-none-eabi/11.3.1/thumb/v6-m/nofp/crtbegin.o
 *(.bss*)
 .bss.htim1     0x0000000020000028       0x4c ./Core/Src/main.o
                0x0000000020000028                htim1
 .bss.uwTick    0x0000000020000074        0x4 ./Drivers/STM32G0xx_HAL_Driver/Src/stm32g0xx_hal.o
                0x0000000020000074                uwTick
 *(COMMON)
                0x0000000020000078                . = ALIGN (0x4)
                0x0000000020000078                _ebss = .
                0x0000000020000078                __bss_end__ = _ebss

._user_heap_stack
                0x0000000020000078      0x600 load address 0x0000000008002768
                0x0000000020000078                . = ALIGN (0x8)
                [!provide]                        PROVIDE (end = .)
                0x0000000020000078                PROVIDE (_end = .)
                0x0000000020000278                . = (. + _Min_Heap_Size)
 *fill*         0x0000000020000078      0x200 
                0x0000000020000678                . = (. + _Min_Stack_Size)
 *fill*         0x0000000020000278      0x400 
                0x0000000020000678                . = ALIGN (0x8)

/DISCARD/
 libc.a(*)
 libm.a(*)
 libgcc.a(*)

.ARM.attributes
                0x0000000000000000       0x28
 *(.ARM.attributes)
 .ARM.attributes
                0x0000000000000000       0x1e /opt/st/stm32cubeide_1.14.0/plugins/com.st.stm32cube.ide.mcu.externaltools.gnu-tools-for-stm32.11.3.rel1.linux64_1.1.100.202309141235/tools/bin/../lib/gcc/arm-none-eabi/11.3.1/thumb/v6-m/nofp/crti.o
 .ARM.attributes
                0x000000000000001e       0x2c /opt/st/stm32cubeide_1.14.0/plugins/com.st.stm32cube.ide.mcu.externaltools.gnu-tools-for-stm32.11.3.rel1.linux64_1.1.100.202309141235/tools/bin/../lib/gcc/arm-none-eabi/11.3.1/thumb/v6-m/nofp/crtbegin.o
 .ARM.attributes
                0x000000000000004a       0x2c ./Core/Src/main.o
 .ARM.attributes
                0x0000000000000076       0x2c ./Core/Src/stm32g0xx_hal_msp.o
 .ARM.attributes
                0x00000000000000a2       0x2c ./Core/Src/stm32g0xx_it.o
 .ARM.attributes
                0x00000000000000ce       0x2c ./Core/Src/system_stm32g0xx.o
 .ARM.attributes
                0x00000000000000fa       0x22 ./Core/Startup/startup_stm32g070rbtx.o
 .ARM.attributes
                0x000000000000011c       0x2c ./Drivers/STM32G0xx_HAL_Driver/Src/stm32g0xx_hal.o
 .ARM.attributes
                0x0000000000000148       0x2c ./Drivers/STM32G0xx_HAL_Driver/Src/stm32g0xx_hal_cortex.o
 .ARM.attributes
                0x0000000000000174       0x2c ./Drivers/STM32G0xx_HAL_Driver/Src/stm32g0xx_hal_gpio.o
 .ARM.attributes
                0x00000000000001a0       0x2c ./Drivers/STM32G0xx_HAL_Driver/Src/stm32g0xx_hal_pwr_ex.o
 .ARM.attributes
                0x00000000000001cc       0x2c ./Drivers/STM32G0xx_HAL_Driver/Src/stm32g0xx_hal_rcc.o
 .ARM.attributes
                0x00000000000001f8       0x2c ./Drivers/STM32G0xx_HAL_Driver/Src/stm32g0xx_hal_tim.o
 .ARM.attributes
                0x0000000000000224       0x2c ./Drivers/STM32G0xx_HAL_Driver/Src/stm32g0xx_hal_tim_ex.o
 .ARM.attributes
                0x0000000000000250       0x2c /opt/st/stm32cubeide_1.14.0/plugins/com.st.stm32cube.ide.mcu.externaltools.gnu-tools-for-stm32.11.3.rel1.linux64_1.1.100.202309141235/tools/bin/../lib/gcc/arm-none-eabi/11.3.1/../../../../arm-none-eabi/lib/thumb/v6-m/nofp/libc_nano.a(libc_a-memset.o)
 .ARM.attributes
                0x000000000000027c       0x2c /opt/st/stm32cubeide_1.14.0/plugins/com.st.stm32cube.ide.mcu.externaltools.gnu-tools-for-stm32.11.3.rel1.linux64_1.1.100.202309141235/tools/bin/../lib/gcc/arm-none-eabi/11.3.1/../../../../arm-none-eabi/lib/thumb/v6-m/nofp/libc_nano.a(libc_a-init.o)
 .ARM.attributes
                0x00000000000002a8       0x1e /opt/st/stm32cubeide_1.14.0/plugins/com.st.stm32cube.ide.mcu.externaltools.gnu-tools-for-stm32.11.3.rel1.linux64_1.1.100.202309141235/tools/bin/../lib/gcc/arm-none-eabi/11.3.1/thumb/v6-m/nofp/libgcc.a(_udivsi3.o)
 .ARM.attributes
                0x00000000000002c6       0x1e /opt/st/stm32cubeide_1.14.0/plugins/com.st.stm32cube.ide.mcu.externaltools.gnu-tools-for-stm32.11.3.rel1.linux64_1.1.100.202309141235/tools/bin/../lib/gcc/arm-none-eabi/11.3.1/thumb/v6-m/nofp/libgcc.a(_dvmd_tls.o)
 .ARM.attributes
                0x00000000000002e4       0x1e /opt/st/stm32cubeide_1.14.0/plugins/com.st.stm32cube.ide.mcu.externaltools.gnu-tools-for-stm32.11.3.rel1.linux64_1.1.100.202309141235/tools/bin/../lib/gcc/arm-none-eabi/11.3.1/thumb/v6-m/nofp/crtn.o
OUTPUT(PWM Generation - Mitch Davis.elf elf32-littlearm)
LOAD linker stubs
LOAD /opt/st/stm32cubeide_1.14.0/plugins/com.st.stm32cube.ide.mcu.externaltools.gnu-tools-for-stm32.11.3.rel1.linux64_1.1.100.202309141235/tools/bin/../lib/gcc/arm-none-eabi/11.3.1/../../../../arm-none-eabi/lib/thumb/v6-m/nofp/libc.a
LOAD /opt/st/stm32cubeide_1.14.0/plugins/com.st.stm32cube.ide.mcu.externaltools.gnu-tools-for-stm32.11.3.rel1.linux64_1.1.100.202309141235/tools/bin/../lib/gcc/arm-none-eabi/11.3.1/../../../../arm-none-eabi/lib/thumb/v6-m/nofp/libm.a
LOAD /opt/st/stm32cubeide_1.14.0/plugins/com.st.stm32cube.ide.mcu.externaltools.gnu-tools-for-stm32.11.3.rel1.linux64_1.1.100.202309141235/tools/bin/../lib/gcc/arm-none-eabi/11.3.1/thumb/v6-m/nofp/libgcc.a

.comment        0x0000000000000000       0x43
 .comment       0x0000000000000000       0x43 /opt/st/stm32cubeide_1.14.0/plugins/com.st.stm32cube.ide.mcu.externaltools.gnu-tools-for-stm32.11.3.rel1.linux64_1.1.100.202309141235/tools/bin/../lib/gcc/arm-none-eabi/11.3.1/thumb/v6-m/nofp/crtbegin.o
                                         0x44 (size before relaxing)
 .comment       0x0000000000000043       0x44 ./Core/Src/main.o
 .comment       0x0000000000000043       0x44 ./Core/Src/stm32g0xx_hal_msp.o
 .comment       0x0000000000000043       0x44 ./Core/Src/stm32g0xx_it.o
 .comment       0x0000000000000043       0x44 ./Core/Src/system_stm32g0xx.o
 .comment       0x0000000000000043       0x44 ./Drivers/STM32G0xx_HAL_Driver/Src/stm32g0xx_hal.o
 .comment       0x0000000000000043       0x44 ./Drivers/STM32G0xx_HAL_Driver/Src/stm32g0xx_hal_cortex.o
 .comment       0x0000000000000043       0x44 ./Drivers/STM32G0xx_HAL_Driver/Src/stm32g0xx_hal_gpio.o
 .comment       0x0000000000000043       0x44 ./Drivers/STM32G0xx_HAL_Driver/Src/stm32g0xx_hal_pwr_ex.o
 .comment       0x0000000000000043       0x44 ./Drivers/STM32G0xx_HAL_Driver/Src/stm32g0xx_hal_rcc.o
 .comment       0x0000000000000043       0x44 ./Drivers/STM32G0xx_HAL_Driver/Src/stm32g0xx_hal_tim.o
 .comment       0x0000000000000043       0x44 ./Drivers/STM32G0xx_HAL_Driver/Src/stm32g0xx_hal_tim_ex.o

.debug_info     0x0000000000000000     0x88dc
 .debug_info    0x0000000000000000      0xe6d ./Core/Src/main.o
 .debug_info    0x0000000000000e6d      0xb09 ./Core/Src/stm32g0xx_hal_msp.o
 .debug_info    0x0000000000001976      0x117 ./Core/Src/stm32g0xx_it.o
 .debug_info    0x0000000000001a8d      0x316 ./Core/Src/system_stm32g0xx.o
 .debug_info    0x0000000000001da3       0x23 ./Core/Startup/startup_stm32g070rbtx.o
 .debug_info    0x0000000000001dc6      0x8ef ./Drivers/STM32G0xx_HAL_Driver/Src/stm32g0xx_hal.o
 .debug_info    0x00000000000026b5      0x8c1 ./Drivers/STM32G0xx_HAL_Driver/Src/stm32g0xx_hal_cortex.o
 .debug_info    0x0000000000002f76      0x59d ./Drivers/STM32G0xx_HAL_Driver/Src/stm32g0xx_hal_gpio.o
 .debug_info    0x0000000000003513      0x496 ./Drivers/STM32G0xx_HAL_Driver/Src/stm32g0xx_hal_pwr_ex.o
 .debug_info    0x00000000000039a9      0xad4 ./Drivers/STM32G0xx_HAL_Driver/Src/stm32g0xx_hal_rcc.o
 .debug_info    0x000000000000447d     0x2ba7 ./Drivers/STM32G0xx_HAL_Driver/Src/stm32g0xx_hal_tim.o
 .debug_info    0x0000000000007024     0x18b8 ./Drivers/STM32G0xx_HAL_Driver/Src/stm32g0xx_hal_tim_ex.o

.debug_abbrev   0x0000000000000000     0x16e1
 .debug_abbrev  0x0000000000000000      0x24c ./Core/Src/main.o
 .debug_abbrev  0x000000000000024c      0x1d6 ./Core/Src/stm32g0xx_hal_msp.o
 .debug_abbrev  0x0000000000000422       0xac ./Core/Src/stm32g0xx_it.o
 .debug_abbrev  0x00000000000004ce      0x119 ./Core/Src/system_stm32g0xx.o
 .debug_abbrev  0x00000000000005e7       0x12 ./Core/Startup/startup_stm32g070rbtx.o
 .debug_abbrev  0x00000000000005f9      0x2b4 ./Drivers/STM32G0xx_HAL_Driver/Src/stm32g0xx_hal.o
 .debug_abbrev  0x00000000000008ad      0x2ab ./Drivers/STM32G0xx_HAL_Driver/Src/stm32g0xx_hal_cortex.o
 .debug_abbrev  0x0000000000000b58      0x1c3 ./Drivers/STM32G0xx_HAL_Driver/Src/stm32g0xx_hal_gpio.o
 .debug_abbrev  0x0000000000000d1b      0x1d7 ./Drivers/STM32G0xx_HAL_Driver/Src/stm32g0xx_hal_pwr_ex.o
 .debug_abbrev  0x0000000000000ef2      0x2a9 ./Drivers/STM32G0xx_HAL_Driver/Src/stm32g0xx_hal_rcc.o
 .debug_abbrev  0x000000000000119b      0x29b ./Drivers/STM32G0xx_HAL_Driver/Src/stm32g0xx_hal_tim.o
 .debug_abbrev  0x0000000000001436      0x2ab ./Drivers/STM32G0xx_HAL_Driver/Src/stm32g0xx_hal_tim_ex.o

.debug_aranges  0x0000000000000000      0x9f8
 .debug_aranges
                0x0000000000000000       0x40 ./Core/Src/main.o
 .debug_aranges
                0x0000000000000040       0x38 ./Core/Src/stm32g0xx_hal_msp.o
 .debug_aranges
                0x0000000000000078       0x40 ./Core/Src/stm32g0xx_it.o
 .debug_aranges
                0x00000000000000b8       0x28 ./Core/Src/system_stm32g0xx.o
 .debug_aranges
                0x00000000000000e0       0x28 ./Core/Startup/startup_stm32g070rbtx.o
 .debug_aranges
                0x0000000000000108       0xf8 ./Drivers/STM32G0xx_HAL_Driver/Src/stm32g0xx_hal.o
 .debug_aranges
                0x0000000000000200       0xe8 ./Drivers/STM32G0xx_HAL_Driver/Src/stm32g0xx_hal_cortex.o
 .debug_aranges
                0x00000000000002e8       0x60 ./Drivers/STM32G0xx_HAL_Driver/Src/stm32g0xx_hal_gpio.o
 .debug_aranges
                0x0000000000000348       0x98 ./Drivers/STM32G0xx_HAL_Driver/Src/stm32g0xx_hal_pwr_ex.o
 .debug_aranges
                0x00000000000003e0       0xa0 ./Drivers/STM32G0xx_HAL_Driver/Src/stm32g0xx_hal_rcc.o
 .debug_aranges
                0x0000000000000480      0x3e0 ./Drivers/STM32G0xx_HAL_Driver/Src/stm32g0xx_hal_tim.o
 .debug_aranges
                0x0000000000000860      0x198 ./Drivers/STM32G0xx_HAL_Driver/Src/stm32g0xx_hal_tim_ex.o

.debug_rnglists
                0x0000000000000000      0x7b8
 .debug_rnglists
                0x0000000000000000       0x2d ./Core/Src/main.o
 .debug_rnglists
                0x000000000000002d       0x25 ./Core/Src/stm32g0xx_hal_msp.o
 .debug_rnglists
                0x0000000000000052       0x2b ./Core/Src/stm32g0xx_it.o
 .debug_rnglists
                0x000000000000007d       0x1a ./Core/Src/system_stm32g0xx.o
 .debug_rnglists
                0x0000000000000097       0x19 ./Core/Startup/startup_stm32g070rbtx.o
 .debug_rnglists
                0x00000000000000b0       0xb6 ./Drivers/STM32G0xx_HAL_Driver/Src/stm32g0xx_hal.o
 .debug_rnglists
                0x0000000000000166       0xaa ./Drivers/STM32G0xx_HAL_Driver/Src/stm32g0xx_hal_cortex.o
 .debug_rnglists
                0x0000000000000210       0x45 ./Drivers/STM32G0xx_HAL_Driver/Src/stm32g0xx_hal_gpio.o
 .debug_rnglists
                0x0000000000000255       0x72 ./Drivers/STM32G0xx_HAL_Driver/Src/stm32g0xx_hal_pwr_ex.o
 .debug_rnglists
                0x00000000000002c7       0x79 ./Drivers/STM32G0xx_HAL_Driver/Src/stm32g0xx_hal_rcc.o
 .debug_rnglists
                0x0000000000000340      0x32a ./Drivers/STM32G0xx_HAL_Driver/Src/stm32g0xx_hal_tim.o
 .debug_rnglists
                0x000000000000066a      0x14e ./Drivers/STM32G0xx_HAL_Driver/Src/stm32g0xx_hal_tim_ex.o

.debug_macro    0x0000000000000000    0x14662
 .debug_macro   0x0000000000000000      0x1d5 ./Core/Src/main.o
 .debug_macro   0x00000000000001d5      0xa7e ./Core/Src/main.o
 .debug_macro   0x0000000000000c53      0x117 ./Core/Src/main.o
 .debug_macro   0x0000000000000d6a       0x2e ./Core/Src/main.o
 .debug_macro   0x0000000000000d98       0x28 ./Core/Src/main.o
 .debug_macro   0x0000000000000dc0       0x22 ./Core/Src/main.o
 .debug_macro   0x0000000000000de2       0x8e ./Core/Src/main.o
 .debug_macro   0x0000000000000e70       0x51 ./Core/Src/main.o
 .debug_macro   0x0000000000000ec1      0x103 ./Core/Src/main.o
 .debug_macro   0x0000000000000fc4       0x6a ./Core/Src/main.o
 .debug_macro   0x000000000000102e      0x1df ./Core/Src/main.o
 .debug_macro   0x000000000000120d       0x1c ./Core/Src/main.o
 .debug_macro   0x0000000000001229       0x22 ./Core/Src/main.o
 .debug_macro   0x000000000000124b       0xd1 ./Core/Src/main.o
 .debug_macro   0x000000000000131c      0x4da ./Core/Src/main.o
 .debug_macro   0x00000000000017f6      0x11f ./Core/Src/main.o
 .debug_macro   0x0000000000001915     0xa701 ./Core/Src/main.o
 .debug_macro   0x000000000000c016       0x66 ./Core/Src/main.o
 .debug_macro   0x000000000000c07c     0x350e ./Core/Src/main.o
 .debug_macro   0x000000000000f58a      0x174 ./Core/Src/main.o
 .debug_macro   0x000000000000f6fe       0x5c ./Core/Src/main.o
 .debug_macro   0x000000000000f75a      0x485 ./Core/Src/main.o
 .debug_macro   0x000000000000fbdf      0xeb4 ./Core/Src/main.o
 .debug_macro   0x0000000000010a93      0x13e ./Core/Src/main.o
 .debug_macro   0x0000000000010bd1      0x1cf ./Core/Src/main.o
 .debug_macro   0x0000000000010da0      0x13e ./Core/Src/main.o
 .debug_macro   0x0000000000010ede      0x3a8 ./Core/Src/main.o
 .debug_macro   0x0000000000011286      0x280 ./Core/Src/main.o
 .debug_macro   0x0000000000011506      0x345 ./Core/Src/main.o
 .debug_macro   0x000000000001184b      0x198 ./Core/Src/main.o
 .debug_macro   0x00000000000119e3       0x43 ./Core/Src/main.o
 .debug_macro   0x0000000000011a26      0x1f1 ./Core/Src/main.o
 .debug_macro   0x0000000000011c17      0x1d6 ./Core/Src/main.o
 .debug_macro   0x0000000000011ded      0x2a3 ./Core/Src/main.o
 .debug_macro   0x0000000000012090       0x28 ./Core/Src/main.o
 .debug_macro   0x00000000000120b8       0xcf ./Core/Src/main.o
 .debug_macro   0x0000000000012187      0x118 ./Core/Src/main.o
 .debug_macro   0x000000000001229f      0x10d ./Core/Src/main.o
 .debug_macro   0x00000000000123ac      0xac2 ./Core/Src/main.o
 .debug_macro   0x0000000000012e6e      0x124 ./Core/Src/main.o
 .debug_macro   0x0000000000012f92      0x43d ./Core/Src/main.o
 .debug_macro   0x00000000000133cf      0x1d5 ./Core/Src/stm32g0xx_hal_msp.o
 .debug_macro   0x00000000000135a4      0x1df ./Core/Src/stm32g0xx_it.o
 .debug_macro   0x0000000000013783      0x1cb ./Core/Src/system_stm32g0xx.o
 .debug_macro   0x000000000001394e      0x1e9 ./Drivers/STM32G0xx_HAL_Driver/Src/stm32g0xx_hal.o
 .debug_macro   0x0000000000013b37      0x1cb ./Drivers/STM32G0xx_HAL_Driver/Src/stm32g0xx_hal_cortex.o
 .debug_macro   0x0000000000013d02      0x1d2 ./Drivers/STM32G0xx_HAL_Driver/Src/stm32g0xx_hal_gpio.o
 .debug_macro   0x0000000000013ed4      0x1dd ./Drivers/STM32G0xx_HAL_Driver/Src/stm32g0xx_hal_pwr_ex.o
 .debug_macro   0x00000000000140b1      0x20d ./Drivers/STM32G0xx_HAL_Driver/Src/stm32g0xx_hal_rcc.o
 .debug_macro   0x00000000000142be      0x1d3 ./Drivers/STM32G0xx_HAL_Driver/Src/stm32g0xx_hal_tim.o
 .debug_macro   0x0000000000014491      0x1d1 ./Drivers/STM32G0xx_HAL_Driver/Src/stm32g0xx_hal_tim_ex.o

.debug_line     0x0000000000000000     0xaba0
 .debug_line    0x0000000000000000      0x7d5 ./Core/Src/main.o
 .debug_line    0x00000000000007d5      0x70c ./Core/Src/stm32g0xx_hal_msp.o
 .debug_line    0x0000000000000ee1      0x708 ./Core/Src/stm32g0xx_it.o
 .debug_line    0x00000000000015e9      0x716 ./Core/Src/system_stm32g0xx.o
 .debug_line    0x0000000000001cff       0x7b ./Core/Startup/startup_stm32g070rbtx.o
 .debug_line    0x0000000000001d7a      0x9b9 ./Drivers/STM32G0xx_HAL_Driver/Src/stm32g0xx_hal.o
 .debug_line    0x0000000000002733      0xafb ./Drivers/STM32G0xx_HAL_Driver/Src/stm32g0xx_hal_cortex.o
 .debug_line    0x000000000000322e      0xab9 ./Drivers/STM32G0xx_HAL_Driver/Src/stm32g0xx_hal_gpio.o
 .debug_line    0x0000000000003ce7      0x8e1 ./Drivers/STM32G0xx_HAL_Driver/Src/stm32g0xx_hal_pwr_ex.o
 .debug_line    0x00000000000045c8      0xe77 ./Drivers/STM32G0xx_HAL_Driver/Src/stm32g0xx_hal_rcc.o
 .debug_line    0x000000000000543f     0x3bd5 ./Drivers/STM32G0xx_HAL_Driver/Src/stm32g0xx_hal_tim.o
 .debug_line    0x0000000000009014     0x1b8c ./Drivers/STM32G0xx_HAL_Driver/Src/stm32g0xx_hal_tim_ex.o

.debug_str      0x0000000000000000    0x84ab9
 .debug_str     0x0000000000000000    0x82474 ./Core/Src/main.o
                                      0x82a17 (size before relaxing)
 .debug_str     0x0000000000082474      0x109 ./Core/Src/stm32g0xx_hal_msp.o
                                      0x82687 (size before relaxing)
 .debug_str     0x000000000008257d       0x82 ./Core/Src/stm32g0xx_it.o
                                      0x81f2c (size before relaxing)
 .debug_str     0x00000000000825ff       0x8e ./Core/Src/system_stm32g0xx.o
                                      0x81fff (size before relaxing)
 .debug_str     0x000000000008268d       0x34 ./Core/Startup/startup_stm32g070rbtx.o
                                         0x96 (size before relaxing)
 .debug_str     0x00000000000826c1      0x602 ./Drivers/STM32G0xx_HAL_Driver/Src/stm32g0xx_hal.o
                                      0x826a1 (size before relaxing)
 .debug_str     0x0000000000082cc3      0x2b7 ./Drivers/STM32G0xx_HAL_Driver/Src/stm32g0xx_hal_cortex.o
                                      0x8247e (size before relaxing)
 .debug_str     0x0000000000082f7a      0x18e ./Drivers/STM32G0xx_HAL_Driver/Src/stm32g0xx_hal_gpio.o
                                      0x82134 (size before relaxing)
 .debug_str     0x0000000000083108      0x221 ./Drivers/STM32G0xx_HAL_Driver/Src/stm32g0xx_hal_pwr_ex.o
                                      0x82253 (size before relaxing)
 .debug_str     0x0000000000083329      0x4ae ./Drivers/STM32G0xx_HAL_Driver/Src/stm32g0xx_hal_rcc.o
                                      0x82723 (size before relaxing)
 .debug_str     0x00000000000837d7      0xddc ./Drivers/STM32G0xx_HAL_Driver/Src/stm32g0xx_hal_tim.o
                                      0x83541 (size before relaxing)
 .debug_str     0x00000000000845b3      0x506 ./Drivers/STM32G0xx_HAL_Driver/Src/stm32g0xx_hal_tim_ex.o
                                      0x82ecf (size before relaxing)

.debug_frame    0x0000000000000000     0x23a0
 .debug_frame   0x0000000000000000       0xa8 ./Core/Src/main.o
 .debug_frame   0x00000000000000a8       0x90 ./Core/Src/stm32g0xx_hal_msp.o
 .debug_frame   0x0000000000000138       0x9c ./Core/Src/stm32g0xx_it.o
 .debug_frame   0x00000000000001d4       0x4c ./Core/Src/system_stm32g0xx.o
 .debug_frame   0x0000000000000220      0x340 ./Drivers/STM32G0xx_HAL_Driver/Src/stm32g0xx_hal.o
 .debug_frame   0x0000000000000560      0x33c ./Drivers/STM32G0xx_HAL_Driver/Src/stm32g0xx_hal_cortex.o
 .debug_frame   0x000000000000089c      0x130 ./Drivers/STM32G0xx_HAL_Driver/Src/stm32g0xx_hal_gpio.o
 .debug_frame   0x00000000000009cc      0x1f4 ./Drivers/STM32G0xx_HAL_Driver/Src/stm32g0xx_hal_pwr_ex.o
 .debug_frame   0x0000000000000bc0      0x214 ./Drivers/STM32G0xx_HAL_Driver/Src/stm32g0xx_hal_rcc.o
 .debug_frame   0x0000000000000dd4      0xf40 ./Drivers/STM32G0xx_HAL_Driver/Src/stm32g0xx_hal_tim.o
 .debug_frame   0x0000000000001d14      0x620 ./Drivers/STM32G0xx_HAL_Driver/Src/stm32g0xx_hal_tim_ex.o
 .debug_frame   0x0000000000002334       0x20 /opt/st/stm32cubeide_1.14.0/plugins/com.st.stm32cube.ide.mcu.externaltools.gnu-tools-for-stm32.11.3.rel1.linux64_1.1.100.202309141235/tools/bin/../lib/gcc/arm-none-eabi/11.3.1/../../../../arm-none-eabi/lib/thumb/v6-m/nofp/libc_nano.a(libc_a-memset.o)
 .debug_frame   0x0000000000002354       0x2c /opt/st/stm32cubeide_1.14.0/plugins/com.st.stm32cube.ide.mcu.externaltools.gnu-tools-for-stm32.11.3.rel1.linux64_1.1.100.202309141235/tools/bin/../lib/gcc/arm-none-eabi/11.3.1/../../../../arm-none-eabi/lib/thumb/v6-m/nofp/libc_nano.a(libc_a-init.o)
 .debug_frame   0x0000000000002380       0x20 /opt/st/stm32cubeide_1.14.0/plugins/com.st.stm32cube.ide.mcu.externaltools.gnu-tools-for-stm32.11.3.rel1.linux64_1.1.100.202309141235/tools/bin/../lib/gcc/arm-none-eabi/11.3.1/thumb/v6-m/nofp/libgcc.a(_udivsi3.o)

.debug_line_str
                0x0000000000000000       0x8a
 .debug_line_str
                0x0000000000000000       0x8a ./Core/Startup/startup_stm32g070rbtx.o
                                         0xa2 (size before relaxing)
